[debug] [2024-09-30T15:33:01.620Z] ----------------------------------------------------------------------
[debug] [2024-09-30T15:33:03.229Z] Command:       C:\Program Files\nodejs\node.exe C:\Users\Admin\AppData\Roaming\npm\node_modules\firebase-tools\lib\bin\firebase.js init
[debug] [2024-09-30T15:33:03.229Z] CLI Version:   13.18.0
[debug] [2024-09-30T15:33:03.230Z] Platform:      win32
[debug] [2024-09-30T15:33:03.230Z] Node Version:  v20.15.0
[debug] [2024-09-30T15:33:03.243Z] Time:          Mon Sep 30 2024 18:33:03 GMT+0300 (East Africa Time)
[debug] [2024-09-30T15:33:03.244Z] ----------------------------------------------------------------------
[debug] 
[debug] [2024-09-30T15:33:03.271Z] >>> [apiv2][query] GET https://firebase-public.firebaseio.com/cli.json [none]
[debug] [2024-09-30T15:33:03.434Z] > command requires scopes: ["email","openid","https://www.googleapis.com/auth/cloudplatformprojects.readonly","https://www.googleapis.com/auth/firebase","https://www.googleapis.com/auth/cloud-platform"]
[debug] [2024-09-30T15:33:03.434Z] > authorizing via signed-in user (markcalebchomba@gmail.com)
[info] 
     ######## #### ########  ######## ########     ###     ######  ########
     ##        ##  ##     ## ##       ##     ##  ##   ##  ##       ##
     ######    ##  ########  ######   ########  #########  ######  ######
     ##        ##  ##    ##  ##       ##     ## ##     ##       ## ##
     ##       #### ##     ## ######## ########  ##     ##  ######  ########

You're about to initialize a Firebase project in this directory:

  C:\Users\Admin\OneDrive\Desktop\oda-pap-1

[debug] [2024-09-30T15:33:04.957Z] <<< [apiv2][status] GET https://firebase-public.firebaseio.com/cli.json 200
[debug] [2024-09-30T15:33:04.958Z] <<< [apiv2][body] GET https://firebase-public.firebaseio.com/cli.json {"cloudBuildErrorAfter":1594252800000,"cloudBuildWarnAfter":1590019200000,"defaultNode10After":1594252800000,"minVersion":"3.0.5","node8DeploysDisabledAfter":1613390400000,"node8RuntimeDisabledAfter":1615809600000,"node8WarnAfter":1600128000000}
